xdg-desktop-portal-gtk                                 # xdg desktop portal using gtk
wf-recorder                                          # Screen recorder for wlroots-based compositors such as sway
steam                                                  # gaming platform
gamemode                                               # daemon and library for game optimizations
lutris                                               # Lutris is an open source gaming platform for Linux
spotify                                                # proprietary music streaming service
spicetify-cli                                          # cli to customize spotify client
neovim                                               # vim based text editor
vscodium                                              # Full oss text editor
vscodium-marketplace|vscodium                         # VSCodium marketplace

# hyprgui-bin                                          # GUI for hyprland configuration // might mess your userprefs but convenient // Just disappeared
# mangohud                                               # system performance overlay
